
cr[PC]:0x10; ir[2,v0]:0xa; ir[26,k0]:0x5; ir[31,ra]:0x8; keyboard[0x0]:''; display[0x0]:''; 

