
6673
120
1
34
-5678
1
1416128883
cr[PC]:0x6c; ir[1,at]:0x200008; ir[2,v0]:0x1; ir[4,a0]:0x54686973; ir[8,t0]:0x4; ir[9,t1]:0x200000; keyboard[0x0]:''; display[0x0]:'6673120134-567811416128883'; 

