
6673
-86.9739990234375
1.100000023841858
cr[PC]:0x34; ir[1,at]:0x3f8ccccd; ir[2,v0]:0x2; sfpr[f12]:0x3F8CCCCD; dfpr[FP12]:0x3F8CCCCD00000000; keyboard[0x0]:''; display[0x0]:'6673-86.97399902343751.100000023841858'; 

