
6673
-86.974
1.1
cr[PC]:0x58; ir[1,at]:0x3ff19999; ir[2,v0]:0x3; sfpr[f12]:0x3FF19999; sfpr[f13]:0x9999999A; dfpr[FP12]:0x3FF199999999999A; keyboard[0x0]:''; display[0x0]:'6673-86.9741.1'; 

