
cr[PC]:0x14; ir[x1,ra]:0xc; ir[x10,a0]:0x5; ir[x17,a7]:0xa; ir[x30,t5]:0x2; keyboard[0x0]:''; display[0x0]:''; 

