
cr[PC]:0x10; ir[x1,ra]:0x8; ir[x16,a6]:0x2; ir[x17,a7]:0xa; keyboard[0x0]:''; display[0x0]:''; 

