
cr[PC]:0x108a; ir[x1,ra]:0x108a; keyboard[0x0]:''; display[0x0]:''; 

