

[E03] Error: Label `hello` isn't defined
   ╭─[ assembly:8:22 ]
   │
 8 │     example:   .word hello
   │                      ──┬──  
   │                        ╰──── Unknown label
───╯

Not executed
keyboard[0x0]:''; display[0x0]:''; 

