

[E09] Error: Incorrect amount of arguments, expected at least `1` but found `0`
   ╭─[ assembly:9:20 ]
   │
 9 │    example2:    .half
   │                       ┬  
   │                       ╰── This directive has `0` arguments
   │ 
   │ Help: Consider adding the missing `1` argument
───╯

Not executed
keyboard[0x0]:''; display[0x0]:''; 

