

[E01] Error: Directive `.directive` isn't defined
   ╭─[ assembly:8:14 ]
   │
 8 │     example:    .directive 221
   │                 ─────┬────  
   │                      ╰────── Unknown directive
───╯

Not executed
keyboard[0x0]:''; display[0x0]:''; 

