
The memory must be align

 Error found.
 The program has finished with errors
cr[PC]:0x14; ir[1,at]:0x200000; ir[8,t0]:0x200000; keyboard[0x0]:''; display[0x0]:''; 

