

[E21] Error: Negative values aren't allowed here
   ╭─[ assembly:7:11 ]
   │
 7 │     .zero -10
   │           ─┬─  
   │            ╰─── This expression has value `-10`
───╯

Not executed
keyboard[0x0]:''; display[0x0]:''; 

