
cr[PC]:0x10; ir[x5,t0]:0xa; ir[x9,s1]:0xffffffec; ir[x10,a0]:0x187; ir[x11,a1]:0x193; keyboard[0x0]:''; display[0x0]:''; 

