
cr[PC]:0x24; ir[x5,t0]:0xb; ir[x6,t1]:0xfffffdd5; ir[x7,t2]:0x5; ir[x8,fp,s0]:0xfffffde1; ir[x17,a7]:0xa; ir[x28,t3]:0x22; keyboard[0x0]:''; display[0x0]:''; 

