
cr[PC]:0x14; ir[x5,t0]:0x23000; ir[x6,t1]:0x56db000; ir[x7,t2]:0x34000; ir[x8,fp,s0]:0x7f002000; ir[x9,s1]:0x2000; keyboard[0x0]:''; display[0x0]:''; 

