
cr[PC]:0x24; ir[x5,t0]:0x22346; ir[x6,t1]:0x11d7; ir[x7,t2]:0xffffdaf2; ir[x8,fp,s0]:0x22757; ir[x9,s1]:0x13f7; ir[x10,a0]:0xffffdfff; keyboard[0x0]:''; display[0x0]:''; 

