
cr[PC]:0x2c; ir[x5,t0]:0x44562; ir[x6,t1]:0x2; ir[x7,t2]:0x5; ir[x8,fp,s0]:0x44562; ir[x17,a7]:0xa; ir[x28,t3]:0x22; keyboard[0x0]:''; display[0x0]:''; 

