
cr[PC]:0x24; ir[x5,t0]:0x10; ir[x6,t1]:0x100; ir[x7,t2]:0xffffe000; ir[x8,fp,s0]:0x18; ir[x11,a1]:0x8; ir[x12,a2]:0x18; keyboard[0x0]:''; display[0x0]:''; 

