
cr[PC]:0x20; ir[x5,t0]:0xa; ir[x6,t1]:0xd; ir[x7,t2]:0x2d; ir[x8,fp,s0]:0xfffffffe; ir[x9,s1]:0x82; ir[x10,a0]:0x249; ir[x11,a1]:0xffffffa6; ir[x12,a2]:0xffffffec; keyboard[0x0]:''; display[0x0]:''; 

