
cr[PC]:0x24; ir[x5,t0]:0x10; ir[x6,t1]:0x100; ir[x7,t2]:0xffffe000; ir[x8,fp,s0]:0x18; ir[x9,s1]:0xfffffe00; ir[x10,a0]:0x10; ir[x11,a1]:0xfffffeab; keyboard[0x0]:''; display[0x0]:''; 

