
cr[PC]:0x28; ir[x5,t0]:0x2f0; ir[x8,fp,s0]:0x1; ir[x9,s1]:0x1; ir[x10,a0]:0xfffffc00; ir[x13,a3]:0x1; ir[x14,a4]:0x1; keyboard[0x0]:''; display[0x0]:''; 

