
cr[PC]:0x28; ir[1,at]:0xffffdaf2; ir[8,t0]:0x22346; ir[9,t1]:0x11d7; ir[10,t2]:0xffffdaf2; ir[11,t3]:0x44; ir[12,t4]:0x2; ir[13,t5]:0xaf2; keyboard[0x0]:''; display[0x0]:''; 

