
cr[PC]:0x20; ir[8,t0]:0x1fff; ir[9,t1]:0x2000; ir[10,t2]:0x2001; ir[11,t3]:0x2002; ir[14,t6]:0x1; ir[15,t7]:0x1; keyboard[0x0]:''; display[0x0]:''; 

