
cr[PC]:0x84; ir[1,at]:0x20000e; ir[8,t0]:0x200000; ir[9,t1]:0x200004; ir[10,t2]:0x200006; ir[11,t3]:0xe; ir[12,t4]:0xe; ir[13,t5]:0x7f; ir[14,t6]:0x7f; ir[15,t7]:0x7fff; ir[24,t8]:0x7fff; ir[25,t9]:0x20000e; memory[0x20000f]:0xff; memory[0x20000e]:0x7f; memory[0x20000c]:0x7f; memory[0x20000b]:0x0e; keyboard[0x0]:''; display[0x0]:''; 

