
cr[PC]:0x28; ir[1,at]:0xfffffffe; ir[8,t0]:0xa; ir[9,t1]:0xd; ir[10,t2]:0x2d; ir[11,t3]:0xfffffffe; ir[12,t4]:0x82; ir[13,t5]:0x249; ir[14,t6]:0xffffffa6; ir[15,t7]:0xfffffefc; keyboard[0x0]:''; display[0x0]:''; 

