
cr[PC]:0x40; ir[1,at]:0x200006; ir[8,t0]:0x200000; ir[9,t1]:0x200002; ir[10,t2]:0x7f; ir[11,t3]:0xffff; ir[12,t4]:0x200004; ir[14,t6]:0x200006; keyboard[0x0]:''; display[0x0]:''; 

