
cr[PC]:0x10; ir[8,t0]:0xa; ir[9,t1]:0xffffffec; ir[10,t2]:0x187; ir[11,t3]:0x193; keyboard[0x0]:''; display[0x0]:''; 

