

[E12] Error: Main label `main` not found
   ╭─[ assembly:1:1 ]
   │
 1 │ 
   │ │ 
   │ ╰─ Consider adding a label called `main` to an instruction
───╯

Not executed
keyboard[0x0]:''; display[0x0]:''; 

