
cr[PC]:0x8c; ir[1,at]:0xc6100000; ir[2,v0]:0xa; sfpr[f0]:0x40700000; sfpr[f2]:0xC0AB3200; sfpr[f4]:0x40B56400; sfpr[f6]:0xC6192400; sfpr[f7]:0x46016400; sfpr[f8]:0xC6100000; sfpr[f10]:0x40700000; sfpr[f12]:0x40AB3200; sfpr[f14]:0x40B56400; sfpr[f16]:0x46192400; sfpr[f17]:0x46016400; sfpr[f18]:0x46100000; dfpr[FP0]:0x4070000000000000; dfpr[FP2]:0xC0AB320000000000; dfpr[FP4]:0x40B5640000000000; dfpr[FP6]:0xC619240046016400; dfpr[FP8]:0xC610000000000000; dfpr[FP10]:0x4070000000000000; dfpr[FP12]:0x40AB320000000000; dfpr[FP14]:0x40B5640000000000; dfpr[FP16]:0x4619240046016400; dfpr[FP18]:0x4610000000000000; keyboard[0x0]:''; display[0x0]:''; 

