
cr[PC]:0x2c; ir[1,at]:0xffffffff; ir[2,v0]:0xa; ir[8,t0]:0x1; ir[10,t2]:0xffffffff; ir[14,t6]:0x22; keyboard[0x0]:''; display[0x0]:''; 

