
cr[PC]:0x34; ir[1,at]:0x1; ir[2,v0]:0xa; ir[8,t0]:0x169; ir[9,t1]:0x2; ir[10,t2]:0x5; ir[11,t3]:0x44562; ir[12,t4]:0xb; ir[13,t5]:0x22b; ir[14,t6]:0x22; keyboard[0x0]:''; display[0x0]:''; 

