
cr[PC]:0x38; ir[1,at]:0xfe9a113d; ir[8,t0]:0x165eeb8; ir[9,t1]:0xde; ir[10,t2]:0xfabb53; ir[11,t3]:0xfe9a113d; ir[12,t4]:0x165ef96; ir[13,t5]:0xfabc31; ir[14,t6]:0xff94cc90; ir[15,t7]:0xfffffff5; keyboard[0x0]:''; display[0x0]:''; 

