
45
cr[PC]:0xfffffffe; ir[x5,t0]:0xa; ir[x6,t1]:0xa; ir[x10,a0]:0x2d; ir[x17,a7]:0x1; keyboard[0x0]:''; display[0x0]:'45'; 

