
4
cr[PC]:0xfffffffe; ir[x5,t0]:0xa; ir[x6,t1]:0xd; ir[x7,t2]:0x2d; ir[x10,a0]:0x4; ir[x17,a7]:0x1; ir[x28,t3]:0x21; ir[x29,t4]:0x4; keyboard[0x0]:''; display[0x0]:'4'; 

