
83
116
114
105
110
103
32
105
110
32
85
84
70
45
56
58
32
-30
-120
-128
32
-30
-120
-85
32
-30
-120
-121
32
-30
-120
-120
32
-16
-97
-96
-84
0
cr[PC]:0x20; ir[1,at]:0x200000; ir[2,v0]:0x1; ir[8,t0]:0x200026; keyboard[0x0]:''; display[0x0]:'83116114105110103321051103285847045565832-30-120-12832-30-120-8532-30-120-12132-30-120-12032-16-97-96-840'; 

