
45
cr[PC]:0x30; ir[2,v0]:0x1; ir[4,a0]:0x2d; ir[8,t0]:0xa; ir[9,t1]:0xa; keyboard[0x0]:''; display[0x0]:'45'; 

